// Jest Snapshot v1, https://goo.gl/fbAQLP

exports[`App component renders App 1`] = `
<BrowserRouter>
  <header>
    <h1>
      <a
        href="/"
      >
        X-Files Monsters of the Week
      </a>
    </h1>
  </header>
  <Switch>
    <Route
      component={[Function]}
      exact={true}
      path="/monster/:name"
    />
    <Route
      component={[Function]}
      exact={true}
      path="/"
    />
  </Switch>
</BrowserRouter>
`;
